// Jest Snapshot v1, https://goo.gl/fbAQLP

exports[`renders Login component correctly 1`] = `
<DocumentFragment>
  <div
    class="app"
  >
    <div
      class="login-form"
    >
      <img
        alt="logo"
        class="logo"
        src=""
      />
      <div
        class="title"
      >
        Login
      </div>
      <div
        class="form"
      >
        <form>
          <div
            class="input-container"
          >
            <label>
              Email 
            </label>
            <input
              name="email"
              required=""
              type="text"
              value=""
            />
          </div>
          <div
            class="input-container"
          >
            <label>
              Password 
            </label>
            <input
              name="pass"
              required=""
              type="password"
              value=""
            />
          </div>
          <a
            class="changePassword"
            href="/forgotpassword"
          >
            <u>
              Forgot Password?
            </u>
          </a>
          <br />
          <div
            class="button-container"
          >
            <input
              type="submit"
              value="Log In"
            />
          </div>
          <br />
          <p
            id="no-account"
          >
            Don't have an account?
          </p>
          <a
            class="signUp"
            href="/signup"
          >
            <u>
              Sign Up Here!
            </u>
          </a>
        </form>
      </div>
    </div>
  </div>
</DocumentFragment>
`;
